[92mConnected to server![00m
> Enter a command: > Enter a username: [91mError: User already exists[00m
> Enter a command: 