New connection
New connection
New connection
New connection
Client closed connection
Client closed connectionClient closed connectionClient closed connection


