[92mConnected to server![00m
> Enter a command: > Enter a username: 