Connected new client
Connected new client
Client closed connection
Connected new client
Connected new client
Client closed connection
