[91mError: Unable to connect socket to server.[00m
[91mRetrying in 1 seconds[00m
[91mError: Unable to connect socket to server.[00m
[91mRetrying in 2 seconds[00m
